VOgPT , "o"
VOgPT , "o"
jBrls , "Y"
pEuyV , "C2m"
lalcz , "f9exy"
nZra8 , "pn"
nZra8 , "UgOl"
jBrls , "Y"
jBrls , "Y"
nZra8 , "UGOl"
pz2Ez , "g"
PgHy7 , "f"
PgHy7 , "f"
uq , "i"
jBrls , "Y"
jBrls , "Y"
oD3Ta , "k"
VOgPT , "3"
nZra8 , "UGOl"
nZra8 , "1Kgn"
VOgPT , "R"
PgHy7 , "f"
lalcz , "Cxf"
nZra8 , "UgOl"
pEuyV , "w"
lalcz , "f9exf"
VOgPT , "3"
oD3Ta , "k"
uq , "Da9aS"
VOgPT , "3"
jBrls , "Y"
pEuyV , "w"
oD3Ta , "k"
nZra8 , "1Kgn"
oD3Ta , "B"
nZra8 , "UgOl"
VOgPT , "R"
PgHy7 , "f"
uq , "Da9aS"
PgHy7 , "f"
pz2Ez , "9"
pz2Ez , "g"
PgHy7 , "f"
pz2Ez , "g"
PgHy7 , "f"
pz2Ez , "g"
uq , "i"
VOgPT , "o"
uq , "i"
uq , "i"
uq , "i"
oD3Ta , "B"
pz2Ez , "9"
uq , "i"
PgHy7 , "f"
pEuyV , "C2m"
PgHy7 , "f"
pz2Ez , "9"
PgHy7 , "f"
pz2Ez , "9"
PgHy7 , "f"
pz2Ez , "9"
jBrls , "Y"
uq , "Da9aS"
lalcz , "Cxy"
uq , "Da9aJ"
pz2Ez , "g"
jBrls , "Y"
PgHy7 , "f"
ERROR
