gC4qb , "Lw"
OHdnP , "W"
z3b8X , "q"
z3b8X , "0"
nIXSu , "hAL"
Uu , "P"
aX , "V"
nIXSu , "hzL"
aX , "V"
aX , "V"
z3b8X , "xQE55"
aX , "V"
OHdnP , "W"
gC4qb , "L"
aX , "V"
Uu , "P"
xL9X8 , "O0ZZKRP"
OHdnP , "W"
nIXSu , "O"
gC4qb , "L"
nIXSu , "hzL"
z3b8X , "FE55"
FkzMa , "gAA"
gC4qb , "rNoHX"
Uu , "P"
xL9X8 , "ONZZKRP"
UO , "u"
xL9X8 , "ONZnkarY"
Uu , "P"
UO , "u"
Uu , "P"
nIXSu , "hzL"
Uu , "P"
nIXSu , "O"
gC4qb , "Lw"
gC4qb , "rNoHX"
z3b8X , "q"
Uu , "P"
nIXSu , "hAL"
Uu , "P"
gC4qb , "L"
UO , "u"
Uu , "P"
OHdnP , "aAq8H"
aX , "V"
Uu , "P"
Uu , "P"
FkzMa , "gAA"
UO , "u"
z3b8X , "q"
UO , "u"
aX , "V"
aX , "V"
z3b8X , "xQE55"
nIXSu , "1x6"
UO , "u"
xL9X8 , "ONZZKRP"
gC4qb , "L"
gC4qb , "Lw"
UO , "u"
OHdnP , "W"
UO , "u"
FkzMa , "gAA"
gC4qb , "rNoHX"
FkzMa , "gAA"
Uu , "P"
z3b8X , "xQK"
aX , "V"
z3b8X , "wE55"
Uu , "P"
OHdnP , "aAq8W"
UO , "u"
aX , "V"
z3b8X , "xQK"
xL9X8 , "O0Zn8arY"
z3b8X , "wK"
