ESfY7 , "u"
ESfY7 , "u"
ESfY7 , "u"
t1Zgo , "NUEnvcCWR"
IggZn , "E"
PTIkM , "80m"
ESfY7 , "u"
PTIkM , "aY838"
IggZn , "E"
t1Zgo , "NUknvcCWR"
t1Zgo , "NUEnvcCWR"
vZ , "1"
PTIkM , "HY838"
PTIkM , "HDT838"
t1Zgo , "NUEnvcCWR"
Qx , "iHl"
njqhr , "6Jn"
WkGXI , "8nQ"
njqhr , "6Jv"
IggZn , "E"
PTIkM , "80m"
t1Zgo , "NUEnvcCWR"
Qx , "iHl"
Qx , "iHl"
ERROR
