QU , "v"
JfKNJ , "K80a"
qIeuO , "rR"
Un , "C"
QU , "v"
sIHJX , "aIKQ"
qIeuO , "rR"
Qt , "e"
fYl2d , "73Y"
JfKNJ , "i0a"
LMoqp , "QTGX"
Qt , "e"
HP , "u"
QU , "v"
Un , "C"
QU , "v"
JfKNJ , "K80a"
wHJXG , "Q"
JfKNJ , "i0a"
qIeuO , "rR"
fYl2d , "73Y"
LMoqp , "QTzX"
HP , "J"
qIeuO , "rR"
LMoqp , "QTzX"
fYl2d , "73Y"
HP , "J"
Qt , "h"
sIHJX , "98"
fYl2d , "73Y"
HP , "J"
Qt , "h"
HP , "u"
LMoqp , "QTGX"
QU , "v"
Qt , "h"
sIHJX , "98"
JfKNJ , "KN0a"
LMoqp , "QTzX"
qIeuO , "rR"
LMoqp , "QTGX"
sIHJX , "9wPw"
QU , "v"
JfKNJ , "KN0a"
QU , "v"
QU , "v"
HP , "u"
LMoqp , "QTzX"
qIeuO , "rR"
fYl2d , "73p"
wHJXG , "Q"
JfKNJ , "K80a"
JfKNJ , "i0a"
LMoqp , "QTGX"
Qt , "h"
LMoqp , "QTGX"
LMoqp , "QTzX"
LMoqp , "QTzX"
fYl2d , "73Y"
JfKNJ , "K80a"
sIHJX , "aIKQ"
JfKNJ , "KN0a"
QU , "v"
sIHJX , "aI1"
qIeuO , "rR"
LMoqp , "QTzX"
sIHJX , "aIKQ"
wHJXG , "m"
qIeuO , "rR"
QU , "v"
HP , "u"
sIHJX , "aIKQ"
wHJXG , "m"
wHJXG , "m"
wHJXG , "Q"
JfKNJ , "KN0a"
LMoqp , "QTzX"
sIHJX , "aIKQ"
qIeuO , "rR"
fYl2d , "73Y"
JfKNJ , "i0a"
wHJXG , "m"
sIHJX , "aI1"
wHJXG , "Q"
qIeuO , "rR"
wHJXG , "Q"
