Pe92q , "Z"
pIyJt , "KByKBy"
wUPFO , "N"
wUPFO , "pfc"
YHiGS , "2TK"
nb5UG , "F"
pIyJt , "IyQQy"
eZFQc , "UxrA"
bji2c , "fwroa"
YHiGS , "2TK"
nb5UG , "F"
kMYJE , "l7"
Mx , "d"
pIyJt , "QQyQQy"
bji2c , "aoa"
wUPFO , "pfV"
eZFQc , "BxrU"
eZFQc , "Uxrh"
YHiGS , "2TK"
YHiGS , "2TK"
eZFQc , "UxrUE6"
wUPFO , "N"
wUPFO , "N"
wUPFO , "pfc"
wUPFO , "pfc"
YHiGS , "vSTK"
kMYJE , "l7"
YHiGS , "2TK"
wUPFO , "N"
MtwE6 , "kc"
MtwE6 , "kMEsN"
Pe92q , "Z"
eZFQc , "UxrA"
YHiGS , "vSTK"
nb5UG , "F"
eZFQc , "Bxrh"
Mx , "d"
YHiGS , "2TK"
nb5UG , "F"
YHiGS , "2TK"
YHiGS , "2TK"
Mx , "d"
bji2c , "aoa"
nb5UG , "F"
kMYJE , "9"
YHiGS , "vSTK"
pIyJt , "IyQQy"
eZFQc , "Uxrh"
eZFQc , "UxrUE6"
Pe92q , "Z"
YHiGS , "vSTK"
nb5UG , "F"
wUPFO , "N"
wUPFO , "pfV"
wUPFO , "N"
Pe92q , "Z"
MtwE6 , "kR"
bji2c , "fwroa"
MtwE6 , "kc"
bji2c , "aoa"
bji2c , "fwaoa"
wUPFO , "pfc"
bji2c , "aoa"
eZFQc , "BxrU"
Mx , "d"
Mx , "d"
wUPFO , "pfc"
