FHTOy , "ZNnL"
LU , "7sG3aT"
V6r0K , "e0"
aH6A9 , "vottm"
aH6A9 , "vottQ4"
oDQP7 , "ht"
FHTOy , "hnL"
FHTOy , "Uk1nL"
aH6A9 , "vottI"
JRHuK , "d"
aH6A9 , "vottI"
oDQP7 , "Ogq"
Sg , "2"
Sg , "2"
LU , "7sG3aT"
FHTOy , "Ui1nL"
tM , "x"
NjOIF , "h"
NjOIF , "h"
aH6A9 , "vottI"
FHTOy , "ZNnL"
oDQP7 , "ht"
Sg , "2"
FHTOy , "ZNnL"
aH6A9 , "vottI"
FHTOy , "ZNnL"
FHTOy , "hnL"
Sg , "2"
oDQP7 , "syt"
JRHuK , "d"
V6r0K , "e0"
oDQP7 , "Eyt"
aH6A9 , "votPQ4"
aH6A9 , "vottI"
ERROR
